// Jest Snapshot v1, https://goo.gl/fbAQLP

exports[`renders correctly 1`] = `
<Text
  style={
    Object {
      "fontSize": 18,
      "marginBottom": 12,
    }
  }
/>
`;
