// Jest Snapshot v1, https://goo.gl/fbAQLP

exports[`renders correctly 1`] = `
<RCTSafeAreaView
  emulateUnlessSupported={true}
  style={
    Object {
      "marginHorizontal": 16,
    }
  }
>
  <View
    style={
      Object {
        "borderBottomColor": "#737373",
        "borderBottomWidth": 2,
        "marginTop": 24,
        "paddingVertical": 16,
      }
    }
  >
    <Text
      style={
        Object {
          "fontSize": 18,
          "marginBottom": 12,
        }
      }
    >
      Default:
    </Text>
    <View
      accessibilityRole="button"
      accessible={true}
      collapsable={false}
      focusable={true}
      onClick={[Function]}
      onResponderGrant={[Function]}
      onResponderMove={[Function]}
      onResponderRelease={[Function]}
      onResponderTerminate={[Function]}
      onResponderTerminationRequest={[Function]}
      onStartShouldSetResponder={[Function]}
      style={
        Object {
          "opacity": 1,
        }
      }
    >
      <View
        style={
          Array [
            Object {},
          ]
        }
      >
        <Text
          style={
            Array [
              Object {
                "color": "#007AFF",
                "fontSize": 18,
                "margin": 8,
                "textAlign": "center",
              },
            ]
          }
        >
          Press me
        </Text>
      </View>
    </View>
  </View>
  <View
    style={
      Object {
        "borderBottomColor": "#737373",
        "borderBottomWidth": 2,
        "marginTop": 24,
        "paddingVertical": 16,
      }
    }
  >
    <Text
      style={
        Object {
          "fontSize": 18,
          "marginBottom": 12,
        }
      }
    >
      Custom color:
    </Text>
    <View
      accessibilityRole="button"
      accessible={true}
      collapsable={false}
      focusable={true}
      onClick={[Function]}
      onResponderGrant={[Function]}
      onResponderMove={[Function]}
      onResponderRelease={[Function]}
      onResponderTerminate={[Function]}
      onResponderTerminationRequest={[Function]}
      onStartShouldSetResponder={[Function]}
      style={
        Object {
          "opacity": 1,
        }
      }
    >
      <View
        style={
          Array [
            Object {},
          ]
        }
      >
        <Text
          style={
            Array [
              Object {
                "color": "#007AFF",
                "fontSize": 18,
                "margin": 8,
                "textAlign": "center",
              },
              Object {
                "color": "#f194ff",
              },
            ]
          }
        >
          Press me
        </Text>
      </View>
    </View>
  </View>
  <View
    style={
      Object {
        "borderBottomColor": "#737373",
        "borderBottomWidth": 2,
        "marginTop": 24,
        "paddingVertical": 16,
      }
    }
  >
    <Text
      style={
        Object {
          "fontSize": 18,
          "marginBottom": 12,
        }
      }
    >
      Disabled:
    </Text>
    <View
      accessibilityRole="button"
      accessibilityState={
        Object {
          "disabled": true,
        }
      }
      accessible={true}
      collapsable={false}
      focusable={true}
      onClick={[Function]}
      onResponderGrant={[Function]}
      onResponderMove={[Function]}
      onResponderRelease={[Function]}
      onResponderTerminate={[Function]}
      onResponderTerminationRequest={[Function]}
      onStartShouldSetResponder={[Function]}
      style={
        Object {
          "opacity": 1,
        }
      }
    >
      <View
        style={
          Array [
            Object {},
            Object {},
          ]
        }
      >
        <Text
          disabled={true}
          style={
            Array [
              Object {
                "color": "#007AFF",
                "fontSize": 18,
                "margin": 8,
                "textAlign": "center",
              },
              Object {
                "color": "#cdcdcd",
              },
            ]
          }
        >
          Press me
        </Text>
      </View>
    </View>
  </View>
  <View
    style={
      Object {
        "borderBottomColor": "#737373",
        "borderBottomWidth": 2,
        "marginTop": 24,
        "paddingVertical": 16,
      }
    }
  >
    <Text
      style={
        Object {
          "fontSize": 18,
          "marginBottom": 12,
        }
      }
    >
      Button width fit to content
    </Text>
    <View
      style={
        Object {
          "flexDirection": "row",
          "justifyContent": "space-between",
        }
      }
    >
      <View
        accessibilityRole="button"
        accessible={true}
        collapsable={false}
        focusable={true}
        onClick={[Function]}
        onResponderGrant={[Function]}
        onResponderMove={[Function]}
        onResponderRelease={[Function]}
        onResponderTerminate={[Function]}
        onResponderTerminationRequest={[Function]}
        onStartShouldSetResponder={[Function]}
        style={
          Object {
            "opacity": 1,
          }
        }
      >
        <View
          style={
            Array [
              Object {},
            ]
          }
        >
          <Text
            style={
              Array [
                Object {
                  "color": "#007AFF",
                  "fontSize": 18,
                  "margin": 8,
                  "textAlign": "center",
                },
              ]
            }
          >
            Left button
          </Text>
        </View>
      </View>
      <View
        accessibilityRole="button"
        accessible={true}
        collapsable={false}
        focusable={true}
        onClick={[Function]}
        onResponderGrant={[Function]}
        onResponderMove={[Function]}
        onResponderRelease={[Function]}
        onResponderTerminate={[Function]}
        onResponderTerminationRequest={[Function]}
        onStartShouldSetResponder={[Function]}
        style={
          Object {
            "opacity": 1,
          }
        }
      >
        <View
          style={
            Array [
              Object {},
            ]
          }
        >
          <Text
            style={
              Array [
                Object {
                  "color": "#007AFF",
                  "fontSize": 18,
                  "margin": 8,
                  "textAlign": "center",
                },
              ]
            }
          >
            Right button
          </Text>
        </View>
      </View>
    </View>
  </View>
  <View
    style={
      Object {
        "borderBottomColor": "#737373",
        "borderBottomWidth": 2,
        "marginTop": 24,
        "paddingVertical": 16,
      }
    }
  >
    <Text
      style={
        Object {
          "fontSize": 18,
          "marginBottom": 12,
        }
      }
    >
      Pressable
    </Text>
    <View>
      <View
        accessible={true}
        collapsable={false}
        focusable={true}
        onBlur={[Function]}
        onClick={[Function]}
        onFocus={[Function]}
        onResponderGrant={[Function]}
        onResponderMove={[Function]}
        onResponderRelease={[Function]}
        onResponderTerminate={[Function]}
        onResponderTerminationRequest={[Function]}
        onStartShouldSetResponder={[Function]}
        style={
          Array [
            Object {
              "backgroundColor": "white",
            },
            Object {
              "borderRadius": 8,
              "padding": 6,
            },
          ]
        }
      >
        <Text>
          Press Me
        </Text>
      </View>
      <View
        style={
          Object {
            "backgroundColor": "#f9f9f9",
            "borderColor": "#f0f0f0",
            "borderWidth": 0.5,
            "margin": 10,
            "padding": 20,
          }
        }
      >
        <Text
          testID="pressable_press_console"
        >
          
        </Text>
      </View>
    </View>
  </View>
</RCTSafeAreaView>
`;
